================================================================
== Design Size Report
================================================================

* Instructions per Function for each Compilation Phase
+-----------------+--------------+---------------+---------------+----------------------+---------------+
| Function        | Location     | Compile/Link  | Unroll/Inline | Performance/Pipeline | Optimizations |
+-----------------+--------------+---------------+---------------+----------------------+---------------+
| + vmul2         | vmul2.cpp:91 | 203           | 128           | 91                   | 143           |
|    load_input   | vmul2.cpp:46 |  38 (2 calls) |  34 (2 calls) | 28 (2 calls)         |  38 (2 calls) |
|    compute_add  | vmul2.cpp:54 |  90           |  34           | 28                   |  53           |
|    store_result | vmul2.cpp:71 |  26           |  17           | 14                   |  20           |
+-----------------+--------------+---------------+---------------+----------------------+---------------+

* Description of Compilation Phases
+----------------------+------------------------------------------------------------+
| Compilation Phase    | Description                                                |
+----------------------+------------------------------------------------------------+
| Compile/Link         | All functions are compiled and linked into a single design |
| Unroll/Inline        | After user unroll and inline pragmas are applied           |
| Performance/Pipeline | After performance and pipeline pragmas are applied         |
| Optimizations        | After high level synthesis optimizations                   |
+----------------------+------------------------------------------------------------+

* Design Size Message Settings
+---------------------------------------------+--------+------------------------------------------------------------------+
| Message Setting                             | Value  | Description                                                      |
+---------------------------------------------+--------+------------------------------------------------------------------+
| config_compile -design_size_maximum_warning | 100000 | Show a warning when total design instructions exceeds this value |
+---------------------------------------------+--------+------------------------------------------------------------------+


